******************************************************************************
                  MSP430 Linker PC v21.6.0                     
******************************************************************************
>> Linked Tue May  3 19:38:07 2022

OUTPUT FILE NAME:   <display_neopixel.out>
ENTRY POINT SYMBOL: "_c_int00_noargs"  address: 0000ca4c


MEMORY CONFIGURATION

         name            origin    length      used     unused   attr    fill
----------------------  --------  ---------  --------  --------  ----  --------
  SFR                   00000000   00000010  00000000  00000010  RWIX
  PERIPHERALS_8BIT      00000010   000000f0  00000000  000000f0  RWIX
  PERIPHERALS_16BIT     00000100   00000100  00000000  00000100  RWIX
  RAM                   00000200   00000200  00000098  00000168  RWIX
  INFOD                 00001000   00000040  00000000  00000040  RWIX
  INFOC                 00001040   00000040  00000000  00000040  RWIX
  INFOB                 00001080   00000040  00000000  00000040  RWIX
  INFOA                 000010c0   00000040  00000000  00000040  RWIX
  FLASH                 0000c000   00003fde  00001030  00002fae  RWIX
  BSLSIGNATURE          0000ffde   00000002  00000002  00000000  RWIX  ffff 
  INT00                 0000ffe0   00000002  00000002  00000000  RWIX
  INT01                 0000ffe2   00000002  00000000  00000002  RWIX
  INT02                 0000ffe4   00000002  00000002  00000000  RWIX
  INT03                 0000ffe6   00000002  00000002  00000000  RWIX
  INT04                 0000ffe8   00000002  00000000  00000002  RWIX
  INT05                 0000ffea   00000002  00000002  00000000  RWIX
  INT06                 0000ffec   00000002  00000002  00000000  RWIX
  INT07                 0000ffee   00000002  00000002  00000000  RWIX
  INT08                 0000fff0   00000002  00000002  00000000  RWIX
  INT09                 0000fff2   00000002  00000002  00000000  RWIX
  INT10                 0000fff4   00000002  00000002  00000000  RWIX
  INT11                 0000fff6   00000002  00000002  00000000  RWIX
  INT12                 0000fff8   00000002  00000002  00000000  RWIX
  INT13                 0000fffa   00000002  00000002  00000000  RWIX
  INT14                 0000fffc   00000002  00000002  00000000  RWIX
  RESET                 0000fffe   00000002  00000002  00000000  RWIX


SECTION ALLOCATION MAP

 output                                  attributes/
section   page    origin      length       input sections
--------  ----  ----------  ----------   ----------------
.bss       0    00000200    00000029     UNINITIALIZED
                  00000200    00000012     (.common:buffer)
                  00000212    00000009     (.common:i2c)
                  0000021b    00000009     (.common:spi)
                  00000224    00000002     (.common:PTxData)
                  00000226    00000002     (.common:n)
                  00000228    00000001     (.common:TxByteCtr)

.data      0    0000022a    0000001f     UNINITIALIZED
                  0000022a    0000001e     ws2812.obj (.data:leds)
                  00000248    00000001     main.obj (.data)

.stack     0    000003b0    00000050     UNINITIALIZED
                  000003b0    00000002     rts430_eabi.lib : boot.c.obj (.stack)
                  000003b2    0000004e     --HOLE--

.text      0    0000c000    00000b12     
                  0000c000    0000028e     ssd1306.obj (.text:display_data)
                  0000c28e    000000ea     ssd1306.obj (.text:oled_start)
                  0000c378    000000aa     ssd1306.obj (.text:display_members)
                  0000c422    00000080     main.obj (.text:button)
                  0000c4a2    0000007e     ssd1306.obj (.text:oled_TextPrintBlock)
                  0000c520    0000007c     rts430_eabi.lib : copy_decompress_lzss.c.obj (.text:decompress:lzss:__TI_decompress_lzss)
                  0000c59c    00000078     ssd1306.obj (.text:oled_TextPrint)
                  0000c614    0000006e     main.obj (.text:main)
                  0000c682    0000006e     ws2812.obj (.text:showStrip)
                  0000c6f0    00000056     ws2812.obj (.text:pixel_show)
                  0000c746    0000004e     ws2812.obj (.text:gradualFill)
                  0000c794    0000004c     rts430_eabi.lib : lsr16.asm.obj (.text)
                  0000c7e0    00000048     ssd1306.obj (.text:oled_clear)
                  0000c828    00000042     rts430_eabi.lib : autoinit.c.obj (.text:__TI_auto_init_nobinit_nopinit:__TI_auto_init_nobinit_nopinit)
                  0000c86a    00000042     ssd1306.obj (.text:oled_position)
                  0000c8ac    00000038     globals.obj (.text:saveState)
                  0000c8e4    00000036     globals.obj (.text:loadState)
                  0000c91a    00000032     ssd1306.obj (.text:USCIAB0TX_ISR)
                  0000c94c    00000030     ssd1306.obj (.text:i2c_start)
                  0000c97c    0000002e     ssd1306.obj (.text:i2c_datatransfer)
                  0000c9aa    0000002c     ws2812.obj (.text:initStrip)
                  0000c9d6    0000002c     rts430_eabi.lib : lsl16.asm.obj (.text)
                  0000ca02    0000002a     ws2812.obj (.text:fillStrip)
                  0000ca2c    00000020     ws2812.obj (.text:setLEDColor)
                  0000ca4c    0000001c     rts430_eabi.lib : boot.c.obj (.text:_c_int00_noargs)
                  0000ca68    0000001a     ssd1306.obj (.text:oled_command)
                  0000ca82    00000014     rts430_eabi.lib : copy_zero_init.c.obj (.text:decompress:ZI:__TI_zero_init_nomemset:__TI_zero_init_nomemset)
                  0000ca96    00000014                     : memset.c.obj (.text:memset)
                  0000caaa    00000014                     : mult16.asm.obj (.text)
                  0000cabe    00000012                     : copy_decompress_none.c.obj (.text:decompress:none:__TI_decompress_none)
                  0000cad0    00000012                     : memcpy.c.obj (.text:memcpy)
                  0000cae2    00000010                     : epilog.asm.obj (.text)
                  0000caf2    0000000c     ws2812.obj (.text:clearStrip)
                  0000cafe    00000008     rts430_eabi.lib : isr_trap.asm.obj (.text:_isr:__TI_ISR_TRAP)
                  0000cb06    00000006                     : exit.c.obj (.text:abort)
                  0000cb0c    00000004                     : pre_init.c.obj (.text:_system_pre_init)
                  0000cb10    00000002                     : startup.c.obj (.text:_system_post_cinit)

.const     0    0000cb12    00000504     
                  0000cb12    000001e0     ssd1306.obj (.const:font_5x7)
                  0000ccf2    0000005d     ssd1306.obj (.const:.string:$P$T0$1)
                  0000cd4f    00000001     --HOLE-- [fill = 0]
                  0000cd50    0000005d     ssd1306.obj (.const:.string:$P$T1$2)
                  0000cdad    00000001     --HOLE-- [fill = 0]
                  0000cdae    0000005d     ssd1306.obj (.const:.string:$P$T2$3)
                  0000ce0b    00000001     --HOLE-- [fill = 0]
                  0000ce0c    0000005d     ssd1306.obj (.const:.string:$P$T4$5)
                  0000ce69    00000001     --HOLE-- [fill = 0]
                  0000ce6a    0000005d     ssd1306.obj (.const:.string:$P$T5$6)
                  0000cec7    00000001     --HOLE-- [fill = 0]
                  0000cec8    0000005d     ssd1306.obj (.const:.string:$P$T6$7)
                  0000cf25    00000001     --HOLE-- [fill = 0]
                  0000cf26    0000005d     ssd1306.obj (.const:.string:$P$T7$8)
                  0000cf83    00000001     --HOLE-- [fill = 0]
                  0000cf84    00000011     ssd1306.obj (.const:.string:c1)
                  0000cf95    00000001     --HOLE-- [fill = 0]
                  0000cf96    00000011     ssd1306.obj (.const:.string:c2)
                  0000cfa7    00000001     --HOLE-- [fill = 0]
                  0000cfa8    00000011     ssd1306.obj (.const:.string:cold1)
                  0000cfb9    00000001     --HOLE-- [fill = 0]
                  0000cfba    00000011     ssd1306.obj (.const:.string:cold2)
                  0000cfcb    00000001     --HOLE-- [fill = 0]
                  0000cfcc    00000011     ssd1306.obj (.const:.string:fire1)
                  0000cfdd    00000001     --HOLE-- [fill = 0]
                  0000cfde    00000011     ssd1306.obj (.const:.string:fire2)
                  0000cfef    00000001     --HOLE-- [fill = 0]
                  0000cff0    0000000d     ssd1306.obj (.const:.string:wifi3)
                  0000cffd    00000001     --HOLE-- [fill = 0]
                  0000cffe    0000000d     ssd1306.obj (.const:.string:wifi4)
                  0000d00b    00000001     --HOLE-- [fill = 0]
                  0000d00c    0000000a     ssd1306.obj (.const:.string:$P$T3$4)

.cinit     0    0000d016    0000001a     
                  0000d016    00000008     (.cinit..data.load) [load image, compression = lzss]
                  0000d01e    00000006     (__TI_handler_table)
                  0000d024    00000004     (.cinit..bss.load) [load image, compression = zero_init]
                  0000d028    00000008     (__TI_cinit_table)

.binit     0    0000c000    00000000     

.init_array 
*          0    0000c000    00000000     UNINITIALIZED

TRAPINT    0    0000ffe0    00000002     
                  0000ffe0    00000002     rts430_eabi.lib : int00.asm.obj (.int00)

PORT1      0    0000ffe4    00000002     
                  0000ffe4    00000002     main.obj (.int02)

PORT2      0    0000ffe6    00000002     
                  0000ffe6    00000002     rts430_eabi.lib : int03.asm.obj (.int03)

ADC10      0    0000ffea    00000002     
                  0000ffea    00000002     rts430_eabi.lib : int05.asm.obj (.int05)

USCIAB0TX 
*          0    0000ffec    00000002     
                  0000ffec    00000002     ssd1306.obj (.int06)

USCIAB0RX 
*          0    0000ffee    00000002     
                  0000ffee    00000002     rts430_eabi.lib : int07.asm.obj (.int07)

TIMER0_A1 
*          0    0000fff0    00000002     
                  0000fff0    00000002     rts430_eabi.lib : int08.asm.obj (.int08)

TIMER0_A0 
*          0    0000fff2    00000002     
                  0000fff2    00000002     rts430_eabi.lib : int09.asm.obj (.int09)

WDT        0    0000fff4    00000002     
                  0000fff4    00000002     rts430_eabi.lib : int10.asm.obj (.int10)

COMPARATORA 
*          0    0000fff6    00000002     
                  0000fff6    00000002     rts430_eabi.lib : int11.asm.obj (.int11)

TIMER1_A1 
*          0    0000fff8    00000002     
                  0000fff8    00000002     rts430_eabi.lib : int12.asm.obj (.int12)

TIMER1_A0 
*          0    0000fffa    00000002     
                  0000fffa    00000002     rts430_eabi.lib : int13.asm.obj (.int13)

NMI        0    0000fffc    00000002     
                  0000fffc    00000002     rts430_eabi.lib : int14.asm.obj (.int14)

.reset     0    0000fffe    00000002     
                  0000fffe    00000002     rts430_eabi.lib : boot.c.obj (.reset)

$fill000   0    0000ffde    00000002     
                  0000ffde    00000002     --HOLE-- [fill = ffff]

MODULE SUMMARY

       Module                       code   ro data   rw data
       ------                       ----   -------   -------
    .\
       ssd1306.obj                  1612   1271      3      
       ws2812.obj                   404    0         30     
       main.obj                     238    2         39     
       globals.obj                  110    0         0      
    +--+----------------------------+------+---------+---------+
       Total:                       2364   1273      72     
                                                            
    C:\ti\ccs1110\ccs\tools\compiler\ti-cgt-msp430_21.6.0.LTS\lib\rts430_eabi.lib
       copy_decompress_lzss.c.obj   124    0         0      
       lsr16.asm.obj                76     0         0      
       autoinit.c.obj               66     0         0      
       lsl16.asm.obj                44     0         0      
       boot.c.obj                   28     2         0      
       copy_zero_init.c.obj         20     0         0      
       memset.c.obj                 20     0         0      
       mult16.asm.obj               20     0         0      
       copy_decompress_none.c.obj   18     0         0      
       memcpy.c.obj                 18     0         0      
       epilog.asm.obj               16     0         0      
       isr_trap.asm.obj             8      0         0      
       exit.c.obj                   6      0         0      
       pre_init.c.obj               4      0         0      
       int00.asm.obj                0      2         0      
       int03.asm.obj                0      2         0      
       int05.asm.obj                0      2         0      
       int07.asm.obj                0      2         0      
       int08.asm.obj                0      2         0      
       int09.asm.obj                0      2         0      
       int10.asm.obj                0      2         0      
       int11.asm.obj                0      2         0      
       int12.asm.obj                0      2         0      
       int13.asm.obj                0      2         0      
       int14.asm.obj                0      2         0      
       startup.c.obj                2      0         0      
    +--+----------------------------+------+---------+---------+
       Total:                       470    24        0      
                                                            
       Stack:                       0      0         80     
       Linker Generated:            0      26        0      
    +--+----------------------------+------+---------+---------+
       Grand Total:                 2834   1323      152    


LINKER GENERATED COPY TABLES

__TI_cinit_table @ 0000d028 records: 2, size/record: 4, table size: 8
	.data: load addr=0000d016, load size=00000008 bytes, run addr=0000022a, run size=0000001f bytes, compression=lzss
	.bss: load addr=0000d024, load size=00000004 bytes, run addr=00000200, run size=00000029 bytes, compression=zero_init


LINKER GENERATED HANDLER TABLE

__TI_handler_table @ 0000d01e records: 3, size/record: 2, table size: 6
	index: 0, handler: __TI_zero_init
	index: 1, handler: __TI_decompress_lzss
	index: 2, handler: __TI_decompress_none


GLOBAL SYMBOLS: SORTED ALPHABETICALLY BY Name 

address   name                          
-------   ----                          
0000004a  ADC10AE0                      
000001b0  ADC10CTL0                     
000001b2  ADC10CTL1                     
00000048  ADC10DTC0                     
00000049  ADC10DTC1                     
000001b4  ADC10MEM                      
000001bc  ADC10SA                       
00000057  BCSCTL1                       
00000058  BCSCTL2                       
00000053  BCSCTL3                       
0000cb06  C$$EXIT                       
00000059  CACTL1                        
0000005a  CACTL2                        
000010fb  CALBC1_12MHZ                  
000010f9  CALBC1_16MHZ                  
000010ff  CALBC1_1MHZ                   
000010fd  CALBC1_8MHZ                   
000010fa  CALDCO_12MHZ                  
000010f8  CALDCO_16MHZ                  
000010fe  CALDCO_1MHZ                   
000010fc  CALDCO_8MHZ                   
0000005b  CAPD                          
00000056  DCOCTL                        
00000128  FCTL1                         
0000012a  FCTL2                         
0000012c  FCTL3                         
00000000  IE1                           
00000001  IE2                           
00000002  IFG1                          
00000003  IFG2                          
00000022  P1DIR                         
00000025  P1IE                          
00000024  P1IES                         
00000023  P1IFG                         
00000020  P1IN                          
00000021  P1OUT                         
00000027  P1REN                         
00000026  P1SEL                         
00000041  P1SEL2                        
0000002a  P2DIR                         
0000002d  P2IE                          
0000002c  P2IES                         
0000002b  P2IFG                         
00000028  P2IN                          
00000029  P2OUT                         
0000002f  P2REN                         
0000002e  P2SEL                         
00000042  P2SEL2                        
0000001a  P3DIR                         
00000018  P3IN                          
00000019  P3OUT                         
00000010  P3REN                         
0000001b  P3SEL                         
00000043  P3SEL2                        
00000224  PTxData                       
00000172  TA0CCR0                       
00000174  TA0CCR1                       
00000176  TA0CCR2                       
00000162  TA0CCTL0                      
00000164  TA0CCTL1                      
00000166  TA0CCTL2                      
00000160  TA0CTL                        
0000012e  TA0IV                         
00000170  TA0R                          
00000192  TA1CCR0                       
00000194  TA1CCR1                       
00000196  TA1CCR2                       
00000182  TA1CCTL0                      
00000184  TA1CCTL1                      
00000186  TA1CCTL2                      
00000180  TA1CTL                        
0000011e  TA1IV                         
00000190  TA1R                          
000010db  TLV_ADC10_1_LEN               
000010da  TLV_ADC10_1_TAG               
000010c0  TLV_CHECKSUM                  
000010f7  TLV_DCO_30_LEN                
000010f6  TLV_DCO_30_TAG                
00000228  TxByteCtr                     
0000005d  UCA0ABCTL                     
00000062  UCA0BR0                       
00000063  UCA0BR1                       
00000060  UCA0CTL0                      
00000061  UCA0CTL1                      
0000005f  UCA0IRRCTL                    
0000005e  UCA0IRTCTL                    
00000064  UCA0MCTL                      
00000066  UCA0RXBUF                     
00000065  UCA0STAT                      
00000067  UCA0TXBUF                     
0000006a  UCB0BR0                       
0000006b  UCB0BR1                       
00000068  UCB0CTL0                      
00000069  UCB0CTL1                      
0000006c  UCB0I2CIE                     
00000118  UCB0I2COA                     
0000011a  UCB0I2CSA                     
0000006e  UCB0RXBUF                     
0000006d  UCB0STAT                      
0000006f  UCB0TXBUF                     
0000c91a  USCIAB0TX_ISR                 
00000120  WDTCTL                        
00000400  __STACK_END                   
00000050  __STACK_SIZE                  
0000d028  __TI_CINIT_Base               
0000d030  __TI_CINIT_Limit              
0000d030  __TI_CINIT_Warm               
0000d01e  __TI_Handler_Table_Base       
0000d024  __TI_Handler_Table_Limit      
0000cafe  __TI_ISR_TRAP                 
0000c828  __TI_auto_init_nobinit_nopinit
0000c520  __TI_decompress_lzss          
0000cabe  __TI_decompress_none          
0000ffe0  __TI_int00                    
0000ffe4  __TI_int02                    
0000ffe6  __TI_int03                    
0000ffea  __TI_int05                    
0000ffec  __TI_int06                    
0000ffee  __TI_int07                    
0000fff0  __TI_int08                    
0000fff2  __TI_int09                    
0000fff4  __TI_int10                    
0000fff6  __TI_int11                    
0000fff8  __TI_int12                    
0000fffa  __TI_int13                    
0000fffc  __TI_int14                    
ffffffff  __TI_pprof_out_hndl           
ffffffff  __TI_prof_data_size           
ffffffff  __TI_prof_data_start          
0000ca82  __TI_zero_init_nomemset       
ffffffff  __c_args__                    
0000caee  __mspabi_func_epilog_1        
0000caec  __mspabi_func_epilog_2        
0000caea  __mspabi_func_epilog_3        
0000cae8  __mspabi_func_epilog_4        
0000cae6  __mspabi_func_epilog_5        
0000cae4  __mspabi_func_epilog_6        
0000cae2  __mspabi_func_epilog_7        
0000caaa  __mspabi_mpyi                 
0000caaa  __mspabi_mpyi_sw              
0000c9d6  __mspabi_slli                 
0000c9fe  __mspabi_slli_1               
0000c9ec  __mspabi_slli_10              
0000c9ea  __mspabi_slli_11              
0000c9e8  __mspabi_slli_12              
0000c9e6  __mspabi_slli_13              
0000c9e4  __mspabi_slli_14              
0000c9e2  __mspabi_slli_15              
0000c9fc  __mspabi_slli_2               
0000c9fa  __mspabi_slli_3               
0000c9f8  __mspabi_slli_4               
0000c9f6  __mspabi_slli_5               
0000c9f4  __mspabi_slli_6               
0000c9f2  __mspabi_slli_7               
0000c9f0  __mspabi_slli_8               
0000c9ee  __mspabi_slli_9               
0000c794  __mspabi_srli                 
0000c7da  __mspabi_srli_1               
0000c7b6  __mspabi_srli_10              
0000c7b2  __mspabi_srli_11              
0000c7ae  __mspabi_srli_12              
0000c7aa  __mspabi_srli_13              
0000c7a6  __mspabi_srli_14              
0000c7a2  __mspabi_srli_15              
0000c7d6  __mspabi_srli_2               
0000c7d2  __mspabi_srli_3               
0000c7ce  __mspabi_srli_4               
0000c7ca  __mspabi_srli_5               
0000c7c6  __mspabi_srli_6               
0000c7c2  __mspabi_srli_7               
0000c7be  __mspabi_srli_8               
0000c7ba  __mspabi_srli_9               
0000ca4c  _c_int00_noargs               
0000fffe  _reset_vector                 
000003b0  _stack                        
0000cb10  _system_post_cinit            
0000cb0c  _system_pre_init              
0000cb06  abort                         
00000248  btnPos                        
00000200  buffer                        
0000c422  button                        
0000cf84  c1                            
0000cf96  c2                            
0000caf2  clearStrip                    
0000cfa8  cold1                         
0000cfba  cold2                         
0000c000  display_data                  
0000c378  display_members               
0000ca02  fillStrip                     
0000cfcc  fire1                         
0000cfde  fire2                         
0000cb12  font_5x7                      
0000c746  gradualFill                   
00000212  i2c                           
0000c97c  i2c_datatransfer              
0000c94c  i2c_start                     
0000c9aa  initStrip                     
0000c8e4  loadState                     
0000c614  main                          
0000cad0  memcpy                        
0000ca96  memset                        
00000226  n                             
0000c59c  oled_TextPrint                
0000c4a2  oled_TextPrintBlock           
0000c7e0  oled_clear                    
0000ca68  oled_command                  
0000c86a  oled_position                 
0000c28e  oled_start                    
0000c6f0  pixel_show                    
0000c8ac  saveState                     
0000ca2c  setLEDColor                   
0000c682  showStrip                     
0000021b  spi                           
0000cff0  wifi3                         
0000cffe  wifi4                         


GLOBAL SYMBOLS: SORTED BY Symbol Address 

address   name                          
-------   ----                          
00000000  IE1                           
00000001  IE2                           
00000002  IFG1                          
00000003  IFG2                          
00000010  P3REN                         
00000018  P3IN                          
00000019  P3OUT                         
0000001a  P3DIR                         
0000001b  P3SEL                         
00000020  P1IN                          
00000021  P1OUT                         
00000022  P1DIR                         
00000023  P1IFG                         
00000024  P1IES                         
00000025  P1IE                          
00000026  P1SEL                         
00000027  P1REN                         
00000028  P2IN                          
00000029  P2OUT                         
0000002a  P2DIR                         
0000002b  P2IFG                         
0000002c  P2IES                         
0000002d  P2IE                          
0000002e  P2SEL                         
0000002f  P2REN                         
00000041  P1SEL2                        
00000042  P2SEL2                        
00000043  P3SEL2                        
00000048  ADC10DTC0                     
00000049  ADC10DTC1                     
0000004a  ADC10AE0                      
00000050  __STACK_SIZE                  
00000053  BCSCTL3                       
00000056  DCOCTL                        
00000057  BCSCTL1                       
00000058  BCSCTL2                       
00000059  CACTL1                        
0000005a  CACTL2                        
0000005b  CAPD                          
0000005d  UCA0ABCTL                     
0000005e  UCA0IRTCTL                    
0000005f  UCA0IRRCTL                    
00000060  UCA0CTL0                      
00000061  UCA0CTL1                      
00000062  UCA0BR0                       
00000063  UCA0BR1                       
00000064  UCA0MCTL                      
00000065  UCA0STAT                      
00000066  UCA0RXBUF                     
00000067  UCA0TXBUF                     
00000068  UCB0CTL0                      
00000069  UCB0CTL1                      
0000006a  UCB0BR0                       
0000006b  UCB0BR1                       
0000006c  UCB0I2CIE                     
0000006d  UCB0STAT                      
0000006e  UCB0RXBUF                     
0000006f  UCB0TXBUF                     
00000118  UCB0I2COA                     
0000011a  UCB0I2CSA                     
0000011e  TA1IV                         
00000120  WDTCTL                        
00000128  FCTL1                         
0000012a  FCTL2                         
0000012c  FCTL3                         
0000012e  TA0IV                         
00000160  TA0CTL                        
00000162  TA0CCTL0                      
00000164  TA0CCTL1                      
00000166  TA0CCTL2                      
00000170  TA0R                          
00000172  TA0CCR0                       
00000174  TA0CCR1                       
00000176  TA0CCR2                       
00000180  TA1CTL                        
00000182  TA1CCTL0                      
00000184  TA1CCTL1                      
00000186  TA1CCTL2                      
00000190  TA1R                          
00000192  TA1CCR0                       
00000194  TA1CCR1                       
00000196  TA1CCR2                       
000001b0  ADC10CTL0                     
000001b2  ADC10CTL1                     
000001b4  ADC10MEM                      
000001bc  ADC10SA                       
00000200  buffer                        
00000212  i2c                           
0000021b  spi                           
00000224  PTxData                       
00000226  n                             
00000228  TxByteCtr                     
00000248  btnPos                        
000003b0  _stack                        
00000400  __STACK_END                   
000010c0  TLV_CHECKSUM                  
000010da  TLV_ADC10_1_TAG               
000010db  TLV_ADC10_1_LEN               
000010f6  TLV_DCO_30_TAG                
000010f7  TLV_DCO_30_LEN                
000010f8  CALDCO_16MHZ                  
000010f9  CALBC1_16MHZ                  
000010fa  CALDCO_12MHZ                  
000010fb  CALBC1_12MHZ                  
000010fc  CALDCO_8MHZ                   
000010fd  CALBC1_8MHZ                   
000010fe  CALDCO_1MHZ                   
000010ff  CALBC1_1MHZ                   
0000c000  display_data                  
0000c28e  oled_start                    
0000c378  display_members               
0000c422  button                        
0000c4a2  oled_TextPrintBlock           
0000c520  __TI_decompress_lzss          
0000c59c  oled_TextPrint                
0000c614  main                          
0000c682  showStrip                     
0000c6f0  pixel_show                    
0000c746  gradualFill                   
0000c794  __mspabi_srli                 
0000c7a2  __mspabi_srli_15              
0000c7a6  __mspabi_srli_14              
0000c7aa  __mspabi_srli_13              
0000c7ae  __mspabi_srli_12              
0000c7b2  __mspabi_srli_11              
0000c7b6  __mspabi_srli_10              
0000c7ba  __mspabi_srli_9               
0000c7be  __mspabi_srli_8               
0000c7c2  __mspabi_srli_7               
0000c7c6  __mspabi_srli_6               
0000c7ca  __mspabi_srli_5               
0000c7ce  __mspabi_srli_4               
0000c7d2  __mspabi_srli_3               
0000c7d6  __mspabi_srli_2               
0000c7da  __mspabi_srli_1               
0000c7e0  oled_clear                    
0000c828  __TI_auto_init_nobinit_nopinit
0000c86a  oled_position                 
0000c8ac  saveState                     
0000c8e4  loadState                     
0000c91a  USCIAB0TX_ISR                 
0000c94c  i2c_start                     
0000c97c  i2c_datatransfer              
0000c9aa  initStrip                     
0000c9d6  __mspabi_slli                 
0000c9e2  __mspabi_slli_15              
0000c9e4  __mspabi_slli_14              
0000c9e6  __mspabi_slli_13              
0000c9e8  __mspabi_slli_12              
0000c9ea  __mspabi_slli_11              
0000c9ec  __mspabi_slli_10              
0000c9ee  __mspabi_slli_9               
0000c9f0  __mspabi_slli_8               
0000c9f2  __mspabi_slli_7               
0000c9f4  __mspabi_slli_6               
0000c9f6  __mspabi_slli_5               
0000c9f8  __mspabi_slli_4               
0000c9fa  __mspabi_slli_3               
0000c9fc  __mspabi_slli_2               
0000c9fe  __mspabi_slli_1               
0000ca02  fillStrip                     
0000ca2c  setLEDColor                   
0000ca4c  _c_int00_noargs               
0000ca68  oled_command                  
0000ca82  __TI_zero_init_nomemset       
0000ca96  memset                        
0000caaa  __mspabi_mpyi                 
0000caaa  __mspabi_mpyi_sw              
0000cabe  __TI_decompress_none          
0000cad0  memcpy                        
0000cae2  __mspabi_func_epilog_7        
0000cae4  __mspabi_func_epilog_6        
0000cae6  __mspabi_func_epilog_5        
0000cae8  __mspabi_func_epilog_4        
0000caea  __mspabi_func_epilog_3        
0000caec  __mspabi_func_epilog_2        
0000caee  __mspabi_func_epilog_1        
0000caf2  clearStrip                    
0000cafe  __TI_ISR_TRAP                 
0000cb06  C$$EXIT                       
0000cb06  abort                         
0000cb0c  _system_pre_init              
0000cb10  _system_post_cinit            
0000cb12  font_5x7                      
0000cf84  c1                            
0000cf96  c2                            
0000cfa8  cold1                         
0000cfba  cold2                         
0000cfcc  fire1                         
0000cfde  fire2                         
0000cff0  wifi3                         
0000cffe  wifi4                         
0000d01e  __TI_Handler_Table_Base       
0000d024  __TI_Handler_Table_Limit      
0000d028  __TI_CINIT_Base               
0000d030  __TI_CINIT_Limit              
0000d030  __TI_CINIT_Warm               
0000ffe0  __TI_int00                    
0000ffe4  __TI_int02                    
0000ffe6  __TI_int03                    
0000ffea  __TI_int05                    
0000ffec  __TI_int06                    
0000ffee  __TI_int07                    
0000fff0  __TI_int08                    
0000fff2  __TI_int09                    
0000fff4  __TI_int10                    
0000fff6  __TI_int11                    
0000fff8  __TI_int12                    
0000fffa  __TI_int13                    
0000fffc  __TI_int14                    
0000fffe  _reset_vector                 
ffffffff  __TI_pprof_out_hndl           
ffffffff  __TI_prof_data_size           
ffffffff  __TI_prof_data_start          
ffffffff  __c_args__                    

[215 symbols]
